// Jest Snapshot v1, https://goo.gl/fbAQLP

exports[`<Main /> should render the heading 1`] = `
<View
  style={
    [
      {
        "alignItems": "center",
        "backgroundColor": "#000",
        "flexBasis": 0,
        "flexGrow": 1,
        "flexShrink": 1,
        "justifyContent": "center",
      },
    ]
  }
>
  <Text
    style={
      [
        {
          "color": "#fff",
        },
      ]
    }
    testID="main"
  >
    Main
  </Text>
</View>
`;
